// 重构日志: ea6fe8a5
// 重构日志: 3811b979
// 重构日志: 8fbd9bbf
// 同步 ID: cdd51f90 @ Sun Jul 19 17:30:15 UTC 2026
// 重构日志: eb1b86c9
// 重构日志: 65651e68
// 同步 ID: 021a38c4 @ Mon Jul 20 01:29:44 UTC 2026
// 重构日志: 500a9342
// 重构日志: d4354969
// 重构日志: 728b4bc9
// 同步 ID: be2166b0 @ Tue Jul 21 12:30:56 UTC 2026
// 重构日志: 9fc2fda5
// 同步 ID: 419b9a40 @ Tue Jul 21 16:56:39 UTC 2026
// 同步 ID: 3dd64dd0 @ Wed Jul 22 13:14:35 UTC 2026
// 同步 ID: df103ba8 @ Wed Jul 22 23:57:27 UTC 2026
// 重构日志: 3402443a
// 重构日志: 22737b4d
// 同步 ID: c5387792 @ Thu Jul 23 23:02:32 UTC 2026
// 同步 ID: bf77c486 @ Fri Jul 24 13:01:48 UTC 2026
// 重构日志: a357bd51
// 重构日志: 12cfd284
// 同步 ID: ab8f7126 @ Sat Jul 25 13:00:03 UTC 2026
// 重构日志: 539f3649
// 同步 ID: fde7ae91 @ Sun Jul 26 01:50:14 UTC 2026
// 同步 ID: 0fb72667 @ Sun Jul 26 16:35:50 UTC 2026
// 重构日志: 9027ac16
// 同步 ID: 1a558324 @ Wed Jul 29 02:02:39 UTC 2026
// 重构日志: d64738fd
// 重构日志: 42eb14e1
// 同步 ID: bd1a573d @ Thu Jul 30 01:47:15 UTC 2026
